// Jest Snapshot v1, https://goo.gl/fbAQLP

exports[`renders correctly 1`] = `
<div
  className="screen"
>
  <canvas
    id="canvas"
  />
  <Message />
  <Controls
    show={false}
  >
    <span
      className="left"
      onClick={[Function]}
    >
      ❮ PREV
    </span>
    <span
      className="right"
      onClick={[Function]}
    >
      NEXT ❯
    </span>
  </Controls>
</div>
`;
