// Jest Snapshot v1, https://goo.gl/fbAQLP

exports[`renders correctly 1`] = `
<div
  id="overlay"
>
  <div
    className="none"
  >
    <span
      className="left"
      onClick={[Function]}
    >
      ❮ PREV
    </span>
    <span
      className="right"
      onClick={[Function]}
    >
      NEXT ❯
    </span>
  </div>
  <div>
    <SelectControl
      control={
        Object {
          "name": "Select Test",
          "options": Array [
            "gold",
            "silver",
            "platinum",
          ],
          "type": "select",
        }
      }
      onChange={[Function]}
    />
    <BoolControl
      control={
        Object {
          "id": "boolTest",
          "name": "Bool Test",
          "type": "bool",
        }
      }
      onChange={[Function]}
    />
    <IntControl
      control={
        Object {
          "id": "intTest",
          "max": 32,
          "min": 0,
          "name": "Int test",
          "type": "int",
        }
      }
      onChange={[Function]}
    />
    <FloatControl
      control={
        Object {
          "id": "floatTest",
          "max": 1,
          "min": 0,
          "name": "Float Test",
          "type": "float",
        }
      }
      onChange={[Function]}
    />
    <FunctionControl
      control={
        Object {
          "function": null,
          "name": "Function Test",
          "type": "function",
        }
      }
    />
  </div>
</div>
`;
